0 verbose cli E:\Download\Node\node.exe E:\Download\Node\node_modules\npm\bin\npm-cli.js
1 info using npm@10.9.0
2 info using node@v22.11.0
3 silly config load:file:E:\Download\Node\node_modules\npm\npmrc
4 silly config load:file:D:\0-2025-2026-大作业\电力大学20260105实践课材料\02-储能电池寿命预测\power_soh\backend\.npmrc
5 silly config load:file:C:\Users\86180\.npmrc
6 silly config load:file:E:\Download\Node\node_global\etc\npmrc
7 verbose title npm run dev
8 verbose argv "run" "dev"
9 verbose logfile logs-max:10 dir:D:\0-2025-2026-大作业\电力大学20260105实践课材料\02-储能电池寿命预测\power_soh\backend\.npm-cache\_logs\2026-01-08T04_46_28_334Z-
10 verbose logfile D:\0-2025-2026-大作业\电力大学20260105实践课材料\02-储能电池寿命预测\power_soh\backend\.npm-cache\_logs\2026-01-08T04_46_28_334Z-debug-0.log
11 silly logfile done cleaning log files
12 verbose stack Error: Could not read package.json: Error: ENOENT: no such file or directory, open 'D:\0-2025-2026-大作业\电力大学20260105实践课材料\02-储能电池寿命预测\power_soh\backend\package.json'
12 verbose stack     at async open (node:internal/fs/promises:638:25)
12 verbose stack     at async readFile (node:internal/fs/promises:1238:14)
12 verbose stack     at async read (E:\Download\Node\node_modules\npm\node_modules\@npmcli\package-json\lib\read-package.js:9:18)
12 verbose stack     at async PackageJson.load (E:\Download\Node\node_modules\npm\node_modules\@npmcli\package-json\lib\index.js:130:31)
12 verbose stack     at async PackageJson.normalize (E:\Download\Node\node_modules\npm\node_modules\@npmcli\package-json\lib\index.js:116:5)
12 verbose stack     at async #run (E:\Download\Node\node_modules\npm\lib\commands\run-script.js:86:13)
12 verbose stack     at async RunScript.exec (E:\Download\Node\node_modules\npm\lib\commands\run-script.js:40:7)
12 verbose stack     at async Npm.exec (E:\Download\Node\node_modules\npm\lib\npm.js:207:9)
12 verbose stack     at async module.exports (E:\Download\Node\node_modules\npm\lib\cli\entry.js:74:5)
13 error code ENOENT
14 error syscall open
15 error path D:\0-2025-2026-大作业\电力大学20260105实践课材料\02-储能电池寿命预测\power_soh\backend\package.json
16 error errno -4058
17 error enoent Could not read package.json: Error: ENOENT: no such file or directory, open 'D:\0-2025-2026-大作业\电力大学20260105实践课材料\02-储能电池寿命预测\power_soh\backend\package.json'
18 error enoent This is related to npm not being able to find a file.
18 error enoent
19 verbose cwd D:\0-2025-2026-大作业\电力大学20260105实践课材料\02-储能电池寿命预测\power_soh\backend
20 verbose os Windows_NT 10.0.26200
21 verbose node v22.11.0
22 verbose npm  v10.9.0
23 verbose exit -4058
24 verbose code -4058
25 error A complete log of this run can be found in: D:\0-2025-2026-大作业\电力大学20260105实践课材料\02-储能电池寿命预测\power_soh\backend\.npm-cache\_logs\2026-01-08T04_46_28_334Z-debug-0.log
